// Jest Snapshot v1, https://goo.gl/fbAQLP

exports[`renders CompletedChallenges component 1`] = `
<View
  style={
    Object {
      "alignItems": "center",
      "backgroundColor": "#2B2B2B",
      "flex": 1,
    }
  }
>
  <RCTScrollView
    dataSource={
      ListViewDataSource {
        "items": 0,
      }
    }
    enableEmptySections={true}
    initialRows={10}
    refreshControl={
      <RefreshControlMock
        onRefresh={[Function]}
        refreshing={false}
      />
    }
    removeClippedSubviews={false}
    renderRow={[Function]}
    renderScrollComponent={[Function]}
    style={
      Object {
        "alignSelf": "stretch",
        "marginTop": 5,
      }
    }
  >
    <RCTRefreshControl />
    <View />
  </RCTScrollView>
</View>
`;
