exports[`test renders PendingChallengeDetail component 1`] = `
<View
  style={
    Object {
      "alignItems": "center",
      "backgroundColor": "#2B2B2B",
      "flex": 1,
    }
  }>
  <View
    style={
      Object {
        "alignSelf": "stretch",
        "flex": 0.2,
      }
    }>
    <Text
      accessible={true}
      allowFontScaling={true}
      ellipsizeMode="tail"
      style={
        Object {
          "alignSelf": "center",
          "color": "#CCC",
          "flexDirection": "row",
          "fontSize": 18,
          "fontWeight": "bold",
          "justifyContent": "space-around",
          "paddingTop": 80,
        }
      }>
      Test Segment
    </Text>
  </View>
  <View
    style={
      Object {
        "alignSelf": "stretch",
        "backgroundColor": "#383838",
        "flex": 0.6,
        "marginHorizontal": 20,
        "marginVertical": 10,
      }
    }>
    <View
      style={
        Object {
          "alignSelf": "stretch",
          "flex": 1,
          "flexDirection": "row",
          "justifyContent": "space-between",
          "marginHorizontal": 20,
          "marginTop": 5,
        }
      }>
      <Text
        accessible={true}
        allowFontScaling={true}
        ellipsizeMode="tail"
        style={
          Object {
            "alignSelf": "center",
            "color": "#CCC",
            "flexDirection": "column",
            "fontSize": 14,
            "fontWeight": "bold",
          }
        }>
        Start Date
      </Text>
      <Text
        accessible={true}
        allowFontScaling={true}
        ellipsizeMode="tail"
        style={
          Object {
            "alignSelf": "center",
            "color": "#CCC",
            "flexDirection": "column",
            "fontSize": 12,
          }
        }>
        Invalid Date
      </Text>
    </View>
    <View
      style={
        Object {
          "alignSelf": "stretch",
          "flex": 1,
          "flexDirection": "row",
          "justifyContent": "space-between",
          "marginHorizontal": 20,
          "marginTop": 5,
        }
      }>
      <Text
        accessible={true}
        allowFontScaling={true}
        ellipsizeMode="tail"
        style={
          Object {
            "alignSelf": "center",
            "color": "#CCC",
            "flexDirection": "column",
            "fontSize": 14,
            "fontWeight": "bold",
          }
        }>
        End Date
      </Text>
      <Text
        accessible={true}
        allowFontScaling={true}
        ellipsizeMode="tail"
        style={
          Object {
            "alignSelf": "center",
            "color": "#CCC",
            "flexDirection": "column",
            "fontSize": 12,
          }
        }>
        Invalid Date
      </Text>
    </View>
    <View
      style={
        Object {
          "alignSelf": "stretch",
          "flex": 1,
          "flexDirection": "row",
          "justifyContent": "space-between",
          "marginHorizontal": 20,
          "marginTop": 5,
        }
      }>
      <Text
        accessible={true}
        allowFontScaling={true}
        ellipsizeMode="tail"
        style={
          Object {
            "alignSelf": "center",
            "color": "#CCC",
            "flexDirection": "column",
            "fontSize": 14,
            "fontWeight": "bold",
          }
        }>
        Distance
      </Text>
      <Text
        accessible={true}
        allowFontScaling={true}
        ellipsizeMode="tail"
        style={
          Object {
            "alignSelf": "center",
            "color": "#CCC",
            "flexDirection": "column",
            "fontSize": 12,
          }
        }>
        NaN Miles
      </Text>
    </View>
    <View
      style={
        Object {
          "alignSelf": "stretch",
          "flex": 1,
          "flexDirection": "row",
          "justifyContent": "space-between",
          "marginHorizontal": 20,
          "marginTop": 5,
        }
      }>
      <Text
        accessible={true}
        allowFontScaling={true}
        ellipsizeMode="tail"
        style={
          Object {
            "alignSelf": "center",
            "color": "#CCC",
            "flexDirection": "column",
            "fontSize": 14,
            "fontWeight": "bold",
          }
        }>
        Location
      </Text>
      <Text
        accessible={true}
        allowFontScaling={true}
        ellipsizeMode="tail"
        style={
          Object {
            "alignSelf": "center",
            "color": "#CCC",
            "flexDirection": "column",
            "fontSize": 12,
          }
        }>
         undefined
      </Text>
    </View>
    <View
      style={
        Object {
          "alignSelf": "stretch",
          "flex": 1,
          "flexDirection": "row",
          "justifyContent": "space-between",
          "marginHorizontal": 20,
          "marginTop": 5,
        }
      }>
      <Text
        accessible={true}
        allowFontScaling={true}
        ellipsizeMode="tail"
        style={
          Object {
            "alignSelf": "center",
            "color": "#CCC",
            "flexDirection": "column",
            "fontSize": 14,
            "fontWeight": "bold",
          }
        }>
        Activity Type
      </Text>
      <Text
        accessible={true}
        allowFontScaling={true}
        ellipsizeMode="tail"
        style={
          Object {
            "alignSelf": "center",
            "color": "#CCC",
            "flexDirection": "column",
            "fontSize": 12,
          }
        }>
        Not Available
      </Text>
    </View>
    <View
      style={
        Object {
          "alignSelf": "stretch",
          "flex": 1,
          "flexDirection": "row",
          "justifyContent": "space-between",
          "marginHorizontal": 20,
          "marginTop": 5,
        }
      }>
      <Text
        accessible={true}
        allowFontScaling={true}
        ellipsizeMode="tail"
        style={
          Object {
            "alignSelf": "center",
            "color": "#CCC",
            "flexDirection": "column",
            "fontSize": 14,
            "fontWeight": "bold",
          }
        }>
        Average Grade
      </Text>
      <Text
        accessible={true}
        allowFontScaling={true}
        ellipsizeMode="tail"
        style={
          Object {
            "alignSelf": "center",
            "color": "#CCC",
            "flexDirection": "column",
            "fontSize": 12,
          }
        }>
        undefined %
      </Text>
    </View>
    <View
      style={
        Object {
          "alignSelf": "stretch",
          "flex": 1,
          "flexDirection": "row",
          "justifyContent": "space-between",
          "marginHorizontal": 20,
          "marginTop": 5,
        }
      }>
      <Text
        accessible={true}
        allowFontScaling={true}
        ellipsizeMode="tail"
        style={
          Object {
            "alignSelf": "center",
            "color": "#CCC",
            "flexDirection": "column",
            "fontSize": 14,
            "fontWeight": "bold",
          }
        }>
        Climb Category
      </Text>
      <Text
        accessible={true}
        allowFontScaling={true}
        ellipsizeMode="tail"
        style={
          Object {
            "alignSelf": "center",
            "color": "#CCC",
            "flexDirection": "column",
            "fontSize": 12,
          }
        }>
        Not Available
      </Text>
    </View>
    <View
      style={
        Object {
          "alignSelf": "stretch",
          "flex": 1,
          "flexDirection": "row",
          "justifyContent": "space-between",
          "marginHorizontal": 20,
          "marginTop": 5,
        }
      }>
      <Text
        accessible={true}
        allowFontScaling={true}
        ellipsizeMode="tail"
        style={
          Object {
            "alignSelf": "center",
            "color": "#CCC",
            "flexDirection": "column",
            "fontSize": 14,
            "fontWeight": "bold",
          }
        }>
        Elevation Gain
      </Text>
      <Text
        accessible={true}
        allowFontScaling={true}
        ellipsizeMode="tail"
        style={
          Object {
            "alignSelf": "center",
            "color": "#CCC",
            "flexDirection": "column",
            "fontSize": 12,
          }
        }>
        undefined meters
      </Text>
    </View>
  </View>
  <View
    style={
      Object {
        "alignSelf": "stretch",
        "flex": 0.2,
      }
    }>
    <View
      style={
        Object {
          "alignSelf": "stretch",
          "flex": 1,
          "flexDirection": "row",
        }
      }>
      <View
        accessibilityComponentType={undefined}
        accessibilityLabel={undefined}
        accessibilityTraits={undefined}
        accessible={true}
        hitSlop={undefined}
        onLayout={undefined}
        onResponderGrant={[Function]}
        onResponderMove={[Function]}
        onResponderRelease={[Function]}
        onResponderTerminate={[Function]}
        onResponderTerminationRequest={[Function]}
        onStartShouldSetResponder={[Function]}
        style={
          Object {
            "alignSelf": "stretch",
            "backgroundColor": "transparent",
            "borderColor": "#ef473a",
            "borderRadius": 4,
            "borderWidth": 1,
            "flex": 0.5,
            "height": 40,
            "margin": 10,
            "opacity": 1,
            "padding": 10,
          }
        }
        testID={undefined}>
        <Text
          accessible={true}
          allowFontScaling={true}
          ellipsizeMode="tail"
          style={
            Object {
              "alignSelf": "center",
              "color": "#ef473a",
              "justifyContent": "center",
            }
          }>
          Decline
        </Text>
      </View>
      <View
        accessibilityComponentType={undefined}
        accessibilityLabel={undefined}
        accessibilityTraits={undefined}
        accessible={true}
        hitSlop={undefined}
        onLayout={undefined}
        onResponderGrant={[Function]}
        onResponderMove={[Function]}
        onResponderRelease={[Function]}
        onResponderTerminate={[Function]}
        onResponderTerminationRequest={[Function]}
        onStartShouldSetResponder={[Function]}
        style={
          Object {
            "alignSelf": "stretch",
            "backgroundColor": "transparent",
            "borderColor": "#33cd5f",
            "borderRadius": 4,
            "borderWidth": 1,
            "flex": 0.5,
            "height": 40,
            "margin": 10,
            "opacity": 1,
            "padding": 10,
          }
        }
        testID={undefined}>
        <Text
          accessible={true}
          allowFontScaling={true}
          ellipsizeMode="tail"
          style={
            Object {
              "alignSelf": "center",
              "color": "#33cd5f",
              "justifyContent": "center",
            }
          }>
          Accept
        </Text>
      </View>
    </View>
  </View>
</View>
`;
